
> xenoscope@0.0.0 build
> tsc -b && vite build

[36mvite v7.3.1 [32mbuilding client environment for production...[36m[39m
transforming...
[32mÔ£ô[39m 905 modules transformed.
rendering chunks...
computing gzip size...
[2mdist/[22m[32mindex.html                       [39m[1m[2m    1.99 kB[22m[1m[22m[2m Ôöé gzip:   0.88 kB[22m
[2mdist/[22m[35massets/index-BeFHJqbv.css        [39m[1m[2m    2.79 kB[22m[1m[22m[2m Ôöé gzip:   1.07 kB[22m
[2mdist/[22m[36massets/office_small-BStFvcdU.js  [39m[1m[2m   97.84 kB[22m[1m[22m[2m Ôöé gzip:  37.50 kB[22m
[2mdist/[22m[36massets/meeting_room-COtFIOij.js  [39m[1m[2m  409.87 kB[22m[1m[22m[2m Ôöé gzip: 142.60 kB[22m
[2mdist/[22m[36massets/office_large-DoJFWIAy.js  [39m[1m[33m  548.70 kB[39m[22m[2m Ôöé gzip: 199.40 kB[22m
[2mdist/[22m[36massets/emulate--NA84iNn.js       [39m[1m[33m1,312.21 kB[39m[22m[2m Ôöé gzip: 339.77 kB[22m
[2mdist/[22m[36massets/index-DyYxQ7in.js         [39m[1m[33m1,368.11 kB[39m[22m[2m Ôöé gzip: 394.07 kB[22m
[2mdist/[22m[36massets/living_room-CVCYIB7e.js   [39m[1m[33m1,500.39 kB[39m[22m[2m Ôöé gzip: 516.29 kB[22m
[2mdist/[22m[36massets/music_room-DAOruTFO.js    [39m[1m[33m2,087.28 kB[39m[22m[2m Ôöé gzip: 715.05 kB[22m
npm : [33m
Au caractère Ligne:1 
: 1
+ npm run build > 
build_errors.txt 2>&1
+ ~~~~~~~~~~~~~~~~~~~
~~~~~~~~~~~~~~~~~~
    + CategoryInfo   
           : NotSpe  
  cified: ([33m:S   
 tring) [], Remot    
eException
    + FullyQualified 
   ErrorId : Native  
  CommandError
 
(!) Some chunks are 
larger than 500 kB 
after minification. 
Consider:
- Using dynamic 
import() to 
code-split the 
application
- Use build.rollupOpt
ions.output.manualChu
nks to improve 
chunking: https://rol
lupjs.org/configurati
on-options/#output-ma
nualchunks
- Adjust chunk size 
limit for this 
warning via build.chu
nkSizeWarningLimit.[
39m
[32mÔ£ô built in 9.33s[39m
