
> xenoscope@0.0.0 build
> tsc -b && vite build

src/components/ARHUD.tsx(56,11): error TS6133: 'camera' is declared but its value is never read.
src/components/ExplosionSystem.tsx(23,15): error TS6133: 'state' is declared but its value is never read.
src/components/PowerupItem.tsx(1,8): error TS6133: 'React' is declared but its value is never read.
